Collecting causal-conv1d==1.5.3.post1
  Downloading causal_conv1d-1.5.3.post1.tar.gz (24 kB)
  Preparing metadata (pyproject.toml): started
  Preparing metadata (pyproject.toml): finished with status 'done'
Building wheels for collected packages: causal-conv1d
  Building wheel for causal-conv1d (pyproject.toml): started
  Building wheel for causal-conv1d (pyproject.toml): still running...
  Building wheel for causal-conv1d (pyproject.toml): still running...
  Building wheel for causal-conv1d (pyproject.toml): still running...
  Building wheel for causal-conv1d (pyproject.toml): still running...
  Building wheel for causal-conv1d (pyproject.toml): finished with status 'done'
  Created wheel for causal-conv1d: filename=causal_conv1d-1.5.3.post1-cp312-cp312-linux_x86_64.whl size=103285794 sha256=4c4d0f8db4aa5f9f91033818bf2d918ed88259af4871d8e241315a087a8bfeee
  Stored in directory: /tmp/pip-ephem-wheel-cache-ihk0pcxm/wheels/50/b5/ee/ccdfcb7fa5da6970cb61695a3486c1cb4126e7050785c73ba3
Successfully built causal-conv1d
Installing collected packages: causal-conv1d
Successfully installed causal-conv1d-1.5.3.post1
Collecting mamba-ssm==2.2.6.post3
  Downloading mamba_ssm-2.2.6.post3.tar.gz (113 kB)
     ━━━━━━━━━━━━━━━━━━━━━━━━━━━━━━━━━━━━━━━ 113.9/113.9 kB 9.4 MB/s eta 0:00:00
  Preparing metadata (pyproject.toml): started
  Preparing metadata (pyproject.toml): finished with status 'done'
Building wheels for collected packages: mamba-ssm
  Building wheel for mamba-ssm (pyproject.toml): started
  Building wheel for mamba-ssm (pyproject.toml): still running...
  Building wheel for mamba-ssm (pyproject.toml): still running...
  Building wheel for mamba-ssm (pyproject.toml): still running...
  Building wheel for mamba-ssm (pyproject.toml): still running...
  Building wheel for mamba-ssm (pyproject.toml): still running...
  Building wheel for mamba-ssm (pyproject.toml): still running...
  Building wheel for mamba-ssm (pyproject.toml): still running...
  Building wheel for mamba-ssm (pyproject.toml): still running...
  Building wheel for mamba-ssm (pyproject.toml): still running...
  Building wheel for mamba-ssm (pyproject.toml): finished with status 'done'
  Created wheel for mamba-ssm: filename=mamba_ssm-2.2.6.post3-cp312-cp312-linux_x86_64.whl size=371155817 sha256=05b6df7b3247e5c3bcca49098dbb40097633954804b98876dc3aa445ed03ee7c
  Stored in directory: /tmp/pip-ephem-wheel-cache-ywi43dvo/wheels/a9/66/b0/91003b49a34b45995d1b34c7fd2c70cd998a23560e66f6817a
Successfully built mamba-ssm
Installing collected packages: mamba-ssm
Successfully installed mamba-ssm-2.2.6.post3
2.7.1+cu126 4.57.1 1.5.3.post1 2.2.6.post3
SETUP_COMPLETE
